CS0246: Не удалось найти тип или имя пространства имен "SeatbeltOptions" (возможно, отсутствует директива using или ссылка на сборку)., SourceFile([2622..2637))
CS0246: Не удалось найти тип или имя пространства имен "SeatbeltOptions" (возможно, отсутствует директива using или ссылка на сборку)., SourceFile([6804..6819))
CS0246: Не удалось найти тип или имя пространства имен "WMIFilterToConsumerBindingDTO" (возможно, отсутствует директива using или ссылка на сборку)., SourceFile([1793..1822))
CS0246: Не удалось найти тип или имя пространства имен "WMIFilterToConsumerBindingDTO" (возможно, отсутствует директива using или ссылка на сборку)., SourceFile([3513..3542))
CS0246: Не удалось найти тип или имя пространства имен "WmiEventFilterDTO" (возможно, отсутствует директива using или ссылка на сборку)., SourceFile([1767..1784))
CS0246: Не удалось найти тип или имя пространства имен "FileZillaConfig" (возможно, отсутствует директива using или ссылка на сборку)., SourceFile([7617..7632))
CS0246: Не удалось найти тип или имя пространства имен "WmiEventFilterDTO" (возможно, отсутствует директива using или ссылка на сборку)., SourceFile([4229..4246))
CS0246: Не удалось найти тип или имя пространства имен "FileZillaConfig" (возможно, отсутствует директива using или ссылка на сборку)., SourceFile([17093..17108))
CS0246: Не удалось найти тип или имя пространства имен "SuperPuttyConfig" (возможно, отсутствует директива using или ссылка на сборку)., SourceFile([5762..5778))
CS0246: Не удалось найти тип или имя пространства имен "SuperPuttyConfig" (возможно, отсутствует директива using или ссылка на сборку)., SourceFile([13928..13944))
CS0246: Не удалось найти тип или имя пространства имен "McAfeeSite" (возможно, отсутствует директива using или ссылка на сборку)., SourceFile([10159..10169))
CS0246: Не удалось найти тип или имя пространства имен "McAfeeSite" (возможно, отсутствует директива using или ссылка на сборку)., SourceFile([22913..22923))
CS0246: Не удалось найти тип или имя пространства имен "HotfixDTO" (возможно, отсутствует директива using или ссылка на сборку)., SourceFile([2550..2559))
CS0246: Не удалось найти тип или имя пространства имен "HotfixDTO" (возможно, отсутствует директива using или ссылка на сборку)., SourceFile([5153..5162))
CS0246: Не удалось найти тип или имя пространства имен "PowerShellHistoryDTO" (возможно, отсутствует директива using или ссылка на сборку)., SourceFile([5349..5369))
CS0246: Не удалось найти тип или имя пространства имен "AMSIProviderDTO" (возможно, отсутствует директива using или ссылка на сборку)., SourceFile([1884..1899))
CS0246: Не удалось найти тип или имя пространства имен "FileInfoDTO" (возможно, отсутствует директива using или ссылка на сборку)., SourceFile([4666..4677))
CS0246: Не удалось найти тип или имя пространства имен "AMSIProviderDTO" (возможно, отсутствует директива using или ссылка на сборку)., SourceFile([3680..3695))
CS0246: Не удалось найти тип или имя пространства имен "FileInfoDTO" (возможно, отсутствует директива using или ссылка на сборку)., SourceFile([11222..11233))
CS0246: Не удалось найти тип или имя пространства имен "PowerShellHistoryDTO" (возможно, отсутствует директива using или ссылка на сборку)., SourceFile([10760..10780))
CS0246: Не удалось найти тип или имя пространства имен "ProcessCreationEventDTO" (возможно, отсутствует директива using или ссылка на сборку)., SourceFile([3220..3243))
CS0246: Не удалось найти тип или имя пространства имен "PowerShellEventsDTO" (возможно, отсутствует директива using или ссылка на сборку)., SourceFile([5181..5200))
CS0246: Не удалось найти тип или имя пространства имен "OptionalFeaturesCommandDTO" (возможно, отсутствует директива using или ссылка на сборку)., SourceFile([3027..3053))
CS0246: Не удалось найти тип или имя пространства имен "PowerShellEventsDTO" (возможно, отсутствует директива using или ссылка на сборку)., SourceFile([9858..9877))
CS0246: Не удалось найти тип или имя пространства имен "OptionalFeaturesCommandDTO" (возможно, отсутствует директива using или ссылка на сборку)., SourceFile([6036..6062))
CS0246: Не удалось найти тип или имя пространства имен "AntiVirusDTO" (возможно, отсутствует директива using или ссылка на сборку)., SourceFile([2313..2325))
CS0246: Не удалось найти тип или имя пространства имен "AntiVirusDTO" (возможно, отсутствует директива using или ссылка на сборку)., SourceFile([4928..4940))
CS0246: Не удалось найти тип или имя пространства имен "AppLockerDTO" (возможно, отсутствует директива using или ссылка на сборку)., SourceFile([4819..4831))
CS0246: Не удалось найти тип или имя пространства имен "LocalUserDTO" (возможно, отсутствует директива using или ссылка на сборку)., SourceFile([2273..2285))
CS0246: Не удалось найти тип или имя пространства имен "ArpEntry" (возможно, отсутствует директива using или ссылка на сборку)., SourceFile([4795..4803))
CS0246: Не удалось найти тип или имя пространства имен "ArpTableDTO" (возможно, отсутствует директива using или ссылка на сборку)., SourceFile([6349..6360))
CS0246: Не удалось найти тип или имя пространства имен "ArpEntry" (возможно, отсутствует директива using или ссылка на сборку)., SourceFile([10395..10403))
CS0246: Не удалось найти тип или имя пространства имен "ArpTableDTO" (возможно, отсутствует директива using или ссылка на сборку)., SourceFile([12484..12495))
CS0246: Не удалось найти тип или имя пространства имен "ProcessCreationEventDTO" (возможно, отсутствует директива using или ссылка на сборку)., SourceFile([5862..5885))
CS0246: Не удалось найти тип или имя пространства имен "WindowsCredentialFileDTO" (возможно, отсутствует директива using или ссылка на сборку)., SourceFile([4842..4866))
CS0246: Не удалось найти тип или имя пространства имен "LocalUserDTO" (возможно, отсутствует директива using или ссылка на сборку)., SourceFile([4254..4266))
CS0246: Не удалось найти тип или имя пространства имен "LogonEventsDTO" (возможно, отсутствует директива using или ссылка на сборку)., SourceFile([8416..8430))
CS0246: Не удалось найти тип или имя пространства имен "WindowsCredentialFileDTO" (возможно, отсутствует директива using или ссылка на сборку)., SourceFile([10143..10167))
CS0246: Не удалось найти тип или имя пространства имен "AppLockerDTO" (возможно, отсутствует директива using или ссылка на сборку)., SourceFile([16384..16396))
CS0246: Не удалось найти тип или имя пространства имен "LocalGroupMembershipDTO" (возможно, отсутствует директива using или ссылка на сборку)., SourceFile([2377..2400))
CS0246: Не удалось найти тип или имя пространства имен "EnvironmentVariableDTO" (возможно, отсутствует директива using или ссылка на сборку)., SourceFile([1991..2013))
CS0246: Не удалось найти тип или имя пространства имен "LocalGroupMembershipDTO" (возможно, отсутствует директива using или ссылка на сборку)., SourceFile([4237..4260))
CS0246: Не удалось найти тип или имя пространства имен "EnvironmentVariableDTO" (возможно, отсутствует директива using или ссылка на сборку)., SourceFile([6304..6326))
CS0246: Не удалось найти тип или имя пространства имен "DNSCacheDTO" (возможно, отсутствует директива using или ссылка на сборку)., SourceFile([2552..2563))
CS0246: Не удалось найти тип или имя пространства имен "InternetSettingsKey" (возможно, отсутствует директива using или ссылка на сборку)., SourceFile([5411..5430))
CS0246: Не удалось найти тип или имя пространства имен "InternetSettingsKey" (возможно, отсутствует директива using или ссылка на сборку)., SourceFile([5940..5959))
CS0246: Не удалось найти тип или имя пространства имен "DNSCacheDTO" (возможно, отсутствует директива using или ссылка на сборку)., SourceFile([5143..5154))
CS1503: Аргумент 1: не удается преобразовать из "int" в "char"., SourceFile([26364..26365))
CS0246: Не удалось найти тип или имя пространства имен "LogonEventsDTO" (возможно, отсутствует директива using или ссылка на сборку)., SourceFile([19660..19674))
CS0246: Не удалось найти тип или имя пространства имен "LogonSessionsDTO" (возможно, отсутствует директива using или ссылка на сборку)., SourceFile([6446..6462))
CS0246: Не удалось найти тип или имя пространства имен "InternetSettingsKey" (возможно, отсутствует директива using или ссылка на сборку)., SourceFile([21172..21191))
CS0246: Не удалось найти тип или имя пространства имен "InternetSettingsKey" (возможно, отсутствует директива using или ссылка на сборку)., SourceFile([21701..21720))
CS0246: Не удалось найти тип или имя пространства имен "PowerShellDTO" (возможно, отсутствует директива using или ссылка на сборку)., SourceFile([10530..10543))
CS0246: Не удалось найти тип или имя пространства имен "LogonSessionsDTO" (возможно, отсутствует директива using или ссылка на сборку)., SourceFile([27634..27650))
CS1503: Аргумент 1: не удается преобразовать из "int" в "char"., SourceFile([29676..29677))
CS0246: Не удалось найти тип или имя пространства имен "NetworkShareDTO" (возможно, отсутствует директива using или ссылка на сборку)., SourceFile([1759..1774))
CS1503: Аргумент 1: не удается преобразовать из "int" в "char"., SourceFile([33797..33798))
CS0246: Не удалось найти тип или имя пространства имен "NetworkShareDTO" (возможно, отсутствует директива using или ссылка на сборку)., SourceFile([3731..3746))
CS1503: Аргумент 1: не удается преобразовать из "int" в "char"., SourceFile([36392..36393))
CS0246: Не удалось найти тип или имя пространства имен "PowerShellDTO" (возможно, отсутствует директива using или ссылка на сборку)., SourceFile([23034..23047))
CS0246: Не удалось найти тип или имя пространства имен "OSInfoDTO" (возможно, отсутствует директива using или ссылка на сборку)., SourceFile([10225..10234))
CS0246: Не удалось найти тип или имя пространства имен "TcpConnectionsDTO" (возможно, отсутствует директива using или ссылка на сборку)., SourceFile([5934..5951))
CS1503: Аргумент 1: не удается преобразовать из "int" в "char"., SourceFile([21695..21696))
CS1503: Аргумент 1: не удается преобразовать из "int" в "char"., SourceFile([24038..24039))
CS0246: Не удалось найти тип или имя пространства имен "TcpConnectionsDTO" (возможно, отсутствует директива using или ссылка на сборку)., SourceFile([11662..11679))
CS0246: Не удалось найти тип или имя пространства имен "UdpConnectionsDTO" (возможно, отсутствует директива using или ссылка на сборку)., SourceFile([5886..5903))
CS0246: Не удалось найти тип или имя пространства имен "UdpConnectionsDTO" (возможно, отсутствует директива using или ссылка на сборку)., SourceFile([11511..11528))
CS0246: Не удалось найти тип или имя пространства имен "Module" (возможно, отсутствует директива using или ссылка на сборку)., SourceFile([7593..7599))
CS0246: Не удалось найти тип или имя пространства имен "ProcessesDTO" (возможно, отсутствует директива using или ссылка на сборку)., SourceFile([8012..8024))
CS0246: Не удалось найти тип или имя пространства имен "OSInfoDTO" (возможно, отсутствует директива using или ссылка на сборку)., SourceFile([22558..22567))
CS0246: Не удалось найти тип или имя пространства имен "Module" (возможно, отсутствует директива using или ссылка на сборку)., SourceFile([14894..14900))
CS0246: Не удалось найти тип или имя пространства имен "ProcessesDTO" (возможно, отсутствует директива using или ссылка на сборку)., SourceFile([15313..15325))
CS0246: Не удалось найти тип или имя пространства имен "InterestingProcessesDTO" (возможно, отсутствует директива using или ссылка на сборку)., SourceFile([303985..304008))
CS0246: Не удалось найти тип или имя пространства имен "InterestingProcessesDTO" (возможно, отсутствует директива using или ссылка на сборку)., SourceFile([612590..612613))
